
  VITE v8.3.0  ready in 364 ms

  ➜  Local:   http://localhost:5173/
  ➜  Network: use --host to expose
1:35:54 AM [vite] (client) Pre-transform error: Transform failed with 1 error:

[31m[PARSE_ERROR] [0mUnexpected token
    [38;5;246m╭[0m[38;5;246m─[0m[38;5;246m[[0m src/components/Profile/index.jsx:40:12 [38;5;246m][0m
    [38;5;246m│[0m
 [38;5;246m40 │[0m [38;5;249m [0m[38;5;249m [0m[38;5;249m [0m[38;5;249m [0m[38;5;249m [0m[38;5;249m [0m[38;5;249m [0m[38;5;249m [0m[38;5;249m [0m[38;5;249m [0m[38;5;249m<[0m/[38;5;249md[0m[38;5;249mi[0m[38;5;249mv[0m[38;5;249m>[0m
 [38;5;240m   │[0m            ┬  
 [38;5;240m   │[0m            ╰── 
[38;5;246m────╯[0m

  Plugin: vite:oxc
  File: /app/src/components/Profile/index.jsx
1:35:54 AM [vite] Internal server error: Transform failed with 1 error:

[31m[PARSE_ERROR] [0mUnexpected token
   [38;5;246m╭[0m[38;5;246m─[0m[38;5;246m[[0m src/components/TransferForm.jsx:2:5 [38;5;246m][0m
   [38;5;246m│[0m
 [38;5;246m2 │[0m [38;5;249m [0m[38;5;249m [0m[38;5;249m [0m[38;5;249m [0m}
 [38;5;240m  │[0m     ┬  
 [38;5;240m  │[0m     ╰── 
[38;5;246m───╯[0m

  Plugin: vite:oxc
  File: /app/src/components/TransferForm.jsx
      at transformWithOxc (file:///app/node_modules/vite/dist/node/chunks/node.js:7208:19)
      at TransformPluginContext.transform (file:///app/node_modules/vite/dist/node/chunks/node.js:7280:26)
      at EnvironmentPluginContainer.transform (file:///app/node_modules/vite/dist/node/chunks/node.js:8172:51)
      at async loadAndTransform (file:///app/node_modules/vite/dist/node/chunks/node.js:19634:26)
1:35:54 AM [vite] (client) Pre-transform error: Transform failed with 1 error:

[31m[PARSE_ERROR] [0mUnexpected token
   [38;5;246m╭[0m[38;5;246m─[0m[38;5;246m[[0m src/components/TransferForm.jsx:2:5 [38;5;246m][0m
   [38;5;246m│[0m
 [38;5;246m2 │[0m [38;5;249m [0m[38;5;249m [0m[38;5;249m [0m[38;5;249m [0m}
 [38;5;240m  │[0m     ┬  
 [38;5;240m  │[0m     ╰── 
[38;5;246m───╯[0m

  Plugin: vite:oxc
  File: /app/src/components/TransferForm.jsx
1:35:54 AM [vite] Internal server error: Transform failed with 1 error:

[31m[PARSE_ERROR] [0mUnexpected token
   [38;5;246m╭[0m[38;5;246m─[0m[38;5;246m[[0m src/auth/Login.jsx:2:5 [38;5;246m][0m
   [38;5;246m│[0m
 [38;5;246m2 │[0m [38;5;249m [0m[38;5;249m [0m[38;5;249m [0m[38;5;249m [0m}
 [38;5;240m  │[0m     ┬  
 [38;5;240m  │[0m     ╰── 
[38;5;246m───╯[0m

  Plugin: vite:oxc
  File: /app/src/auth/Login.jsx
      at transformWithOxc (file:///app/node_modules/vite/dist/node/chunks/node.js:7208:19)
      at TransformPluginContext.transform (file:///app/node_modules/vite/dist/node/chunks/node.js:7280:26)
      at EnvironmentPluginContainer.transform (file:///app/node_modules/vite/dist/node/chunks/node.js:8172:51)
      at async loadAndTransform (file:///app/node_modules/vite/dist/node/chunks/node.js:19634:26)
1:35:54 AM [vite] (client) Pre-transform error: Transform failed with 1 error:

[31m[PARSE_ERROR] [0mUnexpected token
   [38;5;246m╭[0m[38;5;246m─[0m[38;5;246m[[0m src/auth/Login.jsx:2:5 [38;5;246m][0m
   [38;5;246m│[0m
 [38;5;246m2 │[0m [38;5;249m [0m[38;5;249m [0m[38;5;249m [0m[38;5;249m [0m}
 [38;5;240m  │[0m     ┬  
 [38;5;240m  │[0m     ╰── 
[38;5;246m───╯[0m

  Plugin: vite:oxc
  File: /app/src/auth/Login.jsx
1:35:54 AM [vite] Internal server error: Transform failed with 1 error:

[31m[PARSE_ERROR] [0mUnexpected token
    [38;5;246m╭[0m[38;5;246m─[0m[38;5;246m[[0m src/components/Profile/index.jsx:40:12 [38;5;246m][0m
    [38;5;246m│[0m
 [38;5;246m40 │[0m [38;5;249m [0m[38;5;249m [0m[38;5;249m [0m[38;5;249m [0m[38;5;249m [0m[38;5;249m [0m[38;5;249m [0m[38;5;249m [0m[38;5;249m [0m[38;5;249m [0m[38;5;249m<[0m/[38;5;249md[0m[38;5;249mi[0m[38;5;249mv[0m[38;5;249m>[0m
 [38;5;240m   │[0m            ┬  
 [38;5;240m   │[0m            ╰── 
[38;5;246m────╯[0m

  Plugin: vite:oxc
  File: /app/src/components/Profile/index.jsx
      at transformWithOxc (file:///app/node_modules/vite/dist/node/chunks/node.js:7208:19)
      at TransformPluginContext.transform (file:///app/node_modules/vite/dist/node/chunks/node.js:7280:26)
      at EnvironmentPluginContainer.transform (file:///app/node_modules/vite/dist/node/chunks/node.js:8172:51)
      at async loadAndTransform (file:///app/node_modules/vite/dist/node/chunks/node.js:19634:26)
      at async viteTransformMiddleware (file:///app/node_modules/vite/dist/node/chunks/node.js:19853:20)
1:35:54 AM [vite] (client) Pre-transform error: Transform failed with 1 error:

[31m[PARSE_ERROR] [0mExpected `}` but found `EOF`
    [38;5;246m╭[0m[38;5;246m─[0m[38;5;246m[[0m src/hooks/useSpendingData.js:73:17 [38;5;246m][0m
    [38;5;246m│[0m
 [38;5;246m 4 │[0m [38;5;249me[0m[38;5;249mx[0m[38;5;249mp[0m[38;5;249mo[0m[38;5;249mr[0m[38;5;249mt[0m[38;5;249m [0m[38;5;249mc[0m[38;5;249mo[0m[38;5;249mn[0m[38;5;249ms[0m[38;5;249mt[0m[38;5;249m [0m[38;5;249mu[0m[38;5;249ms[0m[38;5;249me[0m[38;5;249mS[0m[38;5;249mp[0m[38;5;249me[0m[38;5;249mn[0m[38;5;249md[0m[38;5;249mi[0m[38;5;249mn[0m[38;5;249mg[0m[38;5;249mD[0m[38;5;249ma[0m[38;5;249mt[0m[38;5;249ma[0m[38;5;249m [0m[38;5;249m=[0m[38;5;249m [0m[38;5;249m([0m[38;5;249mf[0m[38;5;249mi[0m[38;5;249ml[0m[38;5;249mt[0m[38;5;249me[0m[38;5;249mr[0m[38;5;249m)[0m[38;5;249m [0m[38;5;249m=[0m[38;5;249m>[0m[38;5;249m [0m{
 [38;5;240m   │[0m                                            ┬  
 [38;5;240m   │[0m                                            ╰── Opened here
 [38;5;240m   │[0m 
 [38;5;246m73 │[0m [38;5;249m [0m[38;5;249m [0m[38;5;249m}[0m[38;5;249m,[0m[38;5;249m [0m[38;5;249m[[0m[38;5;249mf[0m[38;5;249mi[0m[38;5;249ml[0m[38;5;249mt[0m[38;5;249me[0m[38;5;249mr[0m[38;5;249m][0m[38;5;249m)[0m[38;5;249m;[0m
 [38;5;240m   │[0m                 │ 
 [38;5;240m   │[0m                 ╰─ `}` expected
[38;5;246m────╯[0m

  Plugin: vite:oxc
  File: /app/src/hooks/useSpendingData.js
1:35:56 AM [vite] (client) [optimizer] bundling dependencies...
1:35:56 AM [vite] (client) dependencies optimized: clsx, framer-motion, lucide-react, react-router-dom, recharts, tailwind-merge
1:35:56 AM [vite] (client) optimized dependencies changed. reloading
1:35:57 AM [vite] (client) Pre-transform error: Transform failed with 1 error:

[31m[PARSE_ERROR] [0mUnexpected token
   [38;5;246m╭[0m[38;5;246m─[0m[38;5;246m[[0m src/components/TransferForm.jsx:2:5 [38;5;246m][0m
   [38;5;246m│[0m
 [38;5;246m2 │[0m [38;5;249m [0m[38;5;249m [0m[38;5;249m [0m[38;5;249m [0m}
 [38;5;240m  │[0m     ┬  
 [38;5;240m  │[0m     ╰── 
[38;5;246m───╯[0m

  Plugin: vite:oxc
  File: /app/src/components/TransferForm.jsx
1:35:57 AM [vite] (client) Pre-transform error: Transform failed with 1 error:

[31m[PARSE_ERROR] [0mUnexpected token
   [38;5;246m╭[0m[38;5;246m─[0m[38;5;246m[[0m src/auth/Login.jsx:2:5 [38;5;246m][0m
   [38;5;246m│[0m
 [38;5;246m2 │[0m [38;5;249m [0m[38;5;249m [0m[38;5;249m [0m[38;5;249m [0m}
 [38;5;240m  │[0m     ┬  
 [38;5;240m  │[0m     ╰── 
[38;5;246m───╯[0m

  Plugin: vite:oxc
  File: /app/src/auth/Login.jsx
1:35:57 AM [vite] (client) Pre-transform error: Transform failed with 1 error:

[31m[PARSE_ERROR] [0mUnexpected token
    [38;5;246m╭[0m[38;5;246m─[0m[38;5;246m[[0m src/components/Profile/index.jsx:40:12 [38;5;246m][0m
    [38;5;246m│[0m
 [38;5;246m40 │[0m [38;5;249m [0m[38;5;249m [0m[38;5;249m [0m[38;5;249m [0m[38;5;249m [0m[38;5;249m [0m[38;5;249m [0m[38;5;249m [0m[38;5;249m [0m[38;5;249m [0m[38;5;249m<[0m/[38;5;249md[0m[38;5;249mi[0m[38;5;249mv[0m[38;5;249m>[0m
 [38;5;240m   │[0m            ┬  
 [38;5;240m   │[0m            ╰── 
[38;5;246m────╯[0m

  Plugin: vite:oxc
  File: /app/src/components/Profile/index.jsx
1:35:57 AM [vite] Internal server error: Transform failed with 1 error:

[31m[PARSE_ERROR] [0mExpected `}` but found `EOF`
    [38;5;246m╭[0m[38;5;246m─[0m[38;5;246m[[0m src/hooks/useSpendingData.js:73:17 [38;5;246m][0m
    [38;5;246m│[0m
 [38;5;246m 4 │[0m [38;5;249me[0m[38;5;249mx[0m[38;5;249mp[0m[38;5;249mo[0m[38;5;249mr[0m[38;5;249mt[0m[38;5;249m [0m[38;5;249mc[0m[38;5;249mo[0m[38;5;249mn[0m[38;5;249ms[0m[38;5;249mt[0m[38;5;249m [0m[38;5;249mu[0m[38;5;249ms[0m[38;5;249me[0m[38;5;249mS[0m[38;5;249mp[0m[38;5;249me[0m[38;5;249mn[0m[38;5;249md[0m[38;5;249mi[0m[38;5;249mn[0m[38;5;249mg[0m[38;5;249mD[0m[38;5;249ma[0m[38;5;249mt[0m[38;5;249ma[0m[38;5;249m [0m[38;5;249m=[0m[38;5;249m [0m[38;5;249m([0m[38;5;249mf[0m[38;5;249mi[0m[38;5;249ml[0m[38;5;249mt[0m[38;5;249me[0m[38;5;249mr[0m[38;5;249m)[0m[38;5;249m [0m[38;5;249m=[0m[38;5;249m>[0m[38;5;249m [0m{
 [38;5;240m   │[0m                                            ┬  
 [38;5;240m   │[0m                                            ╰── Opened here
 [38;5;240m   │[0m 
 [38;5;246m73 │[0m [38;5;249m [0m[38;5;249m [0m[38;5;249m}[0m[38;5;249m,[0m[38;5;249m [0m[38;5;249m[[0m[38;5;249mf[0m[38;5;249mi[0m[38;5;249ml[0m[38;5;249mt[0m[38;5;249me[0m[38;5;249mr[0m[38;5;249m][0m[38;5;249m)[0m[38;5;249m;[0m
 [38;5;240m   │[0m                 │ 
 [38;5;240m   │[0m                 ╰─ `}` expected
[38;5;246m────╯[0m

  Plugin: vite:oxc
  File: /app/src/hooks/useSpendingData.js
      at transformWithOxc (file:///app/node_modules/vite/dist/node/chunks/node.js:7208:19)
      at TransformPluginContext.transform (file:///app/node_modules/vite/dist/node/chunks/node.js:7280:26)
      at EnvironmentPluginContainer.transform (file:///app/node_modules/vite/dist/node/chunks/node.js:8172:51)
      at async loadAndTransform (file:///app/node_modules/vite/dist/node/chunks/node.js:19634:26)
1:35:57 AM [vite] (client) Pre-transform error: Transform failed with 1 error:

[31m[PARSE_ERROR] [0mExpected `}` but found `EOF`
    [38;5;246m╭[0m[38;5;246m─[0m[38;5;246m[[0m src/hooks/useSpendingData.js:73:17 [38;5;246m][0m
    [38;5;246m│[0m
 [38;5;246m 4 │[0m [38;5;249me[0m[38;5;249mx[0m[38;5;249mp[0m[38;5;249mo[0m[38;5;249mr[0m[38;5;249mt[0m[38;5;249m [0m[38;5;249mc[0m[38;5;249mo[0m[38;5;249mn[0m[38;5;249ms[0m[38;5;249mt[0m[38;5;249m [0m[38;5;249mu[0m[38;5;249ms[0m[38;5;249me[0m[38;5;249mS[0m[38;5;249mp[0m[38;5;249me[0m[38;5;249mn[0m[38;5;249md[0m[38;5;249mi[0m[38;5;249mn[0m[38;5;249mg[0m[38;5;249mD[0m[38;5;249ma[0m[38;5;249mt[0m[38;5;249ma[0m[38;5;249m [0m[38;5;249m=[0m[38;5;249m [0m[38;5;249m([0m[38;5;249mf[0m[38;5;249mi[0m[38;5;249ml[0m[38;5;249mt[0m[38;5;249me[0m[38;5;249mr[0m[38;5;249m)[0m[38;5;249m [0m[38;5;249m=[0m[38;5;249m>[0m[38;5;249m [0m{
 [38;5;240m   │[0m                                            ┬  
 [38;5;240m   │[0m                                            ╰── Opened here
 [38;5;240m   │[0m 
 [38;5;246m73 │[0m [38;5;249m [0m[38;5;249m [0m[38;5;249m}[0m[38;5;249m,[0m[38;5;249m [0m[38;5;249m[[0m[38;5;249mf[0m[38;5;249mi[0m[38;5;249ml[0m[38;5;249mt[0m[38;5;249me[0m[38;5;249mr[0m[38;5;249m][0m[38;5;249m)[0m[38;5;249m;[0m
 [38;5;240m   │[0m                 │ 
 [38;5;240m   │[0m                 ╰─ `}` expected
[38;5;246m────╯[0m

  Plugin: vite:oxc
  File: /app/src/hooks/useSpendingData.js
1:35:57 AM [vite] Internal server error: Transform failed with 1 error:

[31m[PARSE_ERROR] [0mUnexpected token
   [38;5;246m╭[0m[38;5;246m─[0m[38;5;246m[[0m src/components/TransferForm.jsx:2:5 [38;5;246m][0m
   [38;5;246m│[0m
 [38;5;246m2 │[0m [38;5;249m [0m[38;5;249m [0m[38;5;249m [0m[38;5;249m [0m}
 [38;5;240m  │[0m     ┬  
 [38;5;240m  │[0m     ╰── 
[38;5;246m───╯[0m

  Plugin: vite:oxc
  File: /app/src/components/TransferForm.jsx
      at transformWithOxc (file:///app/node_modules/vite/dist/node/chunks/node.js:7208:19)
      at TransformPluginContext.transform (file:///app/node_modules/vite/dist/node/chunks/node.js:7280:26)
      at EnvironmentPluginContainer.transform (file:///app/node_modules/vite/dist/node/chunks/node.js:8172:51)
      at async loadAndTransform (file:///app/node_modules/vite/dist/node/chunks/node.js:19634:26)
      at async viteTransformMiddleware (file:///app/node_modules/vite/dist/node/chunks/node.js:19853:20)
1:35:57 AM [vite] Internal server error: Transform failed with 1 error:

[31m[PARSE_ERROR] [0mUnexpected token
    [38;5;246m╭[0m[38;5;246m─[0m[38;5;246m[[0m src/components/Profile/index.jsx:40:12 [38;5;246m][0m
    [38;5;246m│[0m
 [38;5;246m40 │[0m [38;5;249m [0m[38;5;249m [0m[38;5;249m [0m[38;5;249m [0m[38;5;249m [0m[38;5;249m [0m[38;5;249m [0m[38;5;249m [0m[38;5;249m [0m[38;5;249m [0m[38;5;249m<[0m/[38;5;249md[0m[38;5;249mi[0m[38;5;249mv[0m[38;5;249m>[0m
 [38;5;240m   │[0m            ┬  
 [38;5;240m   │[0m            ╰── 
[38;5;246m────╯[0m

  Plugin: vite:oxc
  File: /app/src/components/Profile/index.jsx
      at transformWithOxc (file:///app/node_modules/vite/dist/node/chunks/node.js:7208:19)
      at TransformPluginContext.transform (file:///app/node_modules/vite/dist/node/chunks/node.js:7280:26)
      at EnvironmentPluginContainer.transform (file:///app/node_modules/vite/dist/node/chunks/node.js:8172:51)
      at async loadAndTransform (file:///app/node_modules/vite/dist/node/chunks/node.js:19634:26)
      at async viteTransformMiddleware (file:///app/node_modules/vite/dist/node/chunks/node.js:19853:20)
1:35:58 AM [vite] Internal server error: Transform failed with 1 error:

[31m[PARSE_ERROR] [0mUnexpected token
   [38;5;246m╭[0m[38;5;246m─[0m[38;5;246m[[0m src/auth/Login.jsx:2:5 [38;5;246m][0m
   [38;5;246m│[0m
 [38;5;246m2 │[0m [38;5;249m [0m[38;5;249m [0m[38;5;249m [0m[38;5;249m [0m}
 [38;5;240m  │[0m     ┬  
 [38;5;240m  │[0m     ╰── 
[38;5;246m───╯[0m

  Plugin: vite:oxc
  File: /app/src/auth/Login.jsx
      at transformWithOxc (file:///app/node_modules/vite/dist/node/chunks/node.js:7208:19)
      at TransformPluginContext.transform (file:///app/node_modules/vite/dist/node/chunks/node.js:7280:26)
      at EnvironmentPluginContainer.transform (file:///app/node_modules/vite/dist/node/chunks/node.js:8172:51)
      at async loadAndTransform (file:///app/node_modules/vite/dist/node/chunks/node.js:19634:26)
      at async viteTransformMiddleware (file:///app/node_modules/vite/dist/node/chunks/node.js:19853:20)
1:36:36 AM [vite] (client) hmr update /src/index.css